20:55:05 in the game as Dive03: {'ev': 'ready', 't': 0.0, 'nick': 'Dive03', 'door': '0', 'visuals': 616}
20:55:05 control socket /projectnb/jbrcs/mangband/runs/pilot/dive03/ctl.sock
20:56:41 in the game as Dive03: {'ev': 'ready', 't': 0.0, 'nick': 'Dive03', 'door': '0', 'visuals': 616}
20:56:41 control socket /projectnb/jbrcs/mangband/runs/pilot/dive03/ctl.sock
20:59:10 in the game as Dive03: {'ev': 'ready', 't': 0.0, 'nick': 'Dive03', 'door': '0', 'visuals': 616}
20:59:10 control socket /projectnb/jbrcs/mangband/runs/pilot/dive03/ctl.sock
21:02:13 in the game as Dive03: {'ev': 'ready', 't': 0.0, 'nick': 'Dive03', 'door': '0', 'visuals': 616}
21:02:13 control socket /projectnb/jbrcs/mangband/runs/pilot/dive03/ctl.sock
21:08:31 in the game as Dive03: {'ev': 'ready', 't': 0.0, 'nick': 'Dive03', 'door': '0', 'visuals': 616}
21:08:31 control socket /projectnb/jbrcs/mangband/runs/pilot/dive03/ctl.sock
21:09:33 in the game as Dive03: {'ev': 'ready', 't': 0.0, 'nick': 'Dive03', 'door': '0', 'visuals': 616}
21:09:33 control socket /projectnb/jbrcs/mangband/runs/pilot/dive03/ctl.sock
21:13:54 in the game as Dive03: {'ev': 'ready', 't': 0.0, 'nick': 'Dive03', 'door': '0', 'visuals': 616}
21:13:54 control socket /projectnb/jbrcs/mangband/runs/pilot/dive03/ctl.sock
21:17:31 in the game as Dive03: {'ev': 'ready', 't': 0.0, 'nick': 'Dive03', 'door': '0', 'visuals': 616}
21:17:31 control socket /projectnb/jbrcs/mangband/runs/pilot/dive03/ctl.sock
21:19:46 in the game as Dive03: {'ev': 'ready', 't': 0.0, 'nick': 'Dive03', 'door': '0', 'visuals': 616}
21:19:46 control socket /projectnb/jbrcs/mangband/runs/pilot/dive03/ctl.sock
21:21:59 in the game as Dive03: {'ev': 'ready', 't': 0.0, 'nick': 'Dive03', 'door': '0', 'visuals': 616}
21:21:59 control socket /projectnb/jbrcs/mangband/runs/pilot/dive03/ctl.sock
21:23:44 in the game as Dive03: {'ev': 'ready', 't': 0.0, 'nick': 'Dive03', 'door': '0', 'visuals': 616}
21:23:44 control socket /projectnb/jbrcs/mangband/runs/pilot/dive03/ctl.sock
21:26:54 in the game as Dive03: {'ev': 'ready', 't': 0.0, 'nick': 'Dive03', 'door': '0', 'visuals': 616}
21:26:54 control socket /projectnb/jbrcs/mangband/runs/pilot/dive03/ctl.sock
21:28:05 in the game as Dive03: {'ev': 'ready', 't': 0.0, 'nick': 'Dive03', 'door': '0', 'visuals': 616}
21:28:05 control socket /projectnb/jbrcs/mangband/runs/pilot/dive03/ctl.sock
22:10:20 in the game as Dive03: {'ev': 'ready', 't': 0.0, 'nick': 'Dive03', 'door': '0', 'visuals': 616}
22:10:20 control socket /projectnb/jbrcs/mangband/runs/pilot/dive03/ctl.sock
22:13:55 in the game as Dive03: {'ev': 'ready', 't': 0.0, 'nick': 'Dive03', 'door': '0', 'visuals': 616}
22:13:55 control socket /projectnb/jbrcs/mangband/runs/pilot/dive03/ctl.sock
22:15:06 in the game as Dive03: {'ev': 'ready', 't': 0.0, 'nick': 'Dive03', 'door': '0', 'visuals': 616}
22:15:06 control socket /projectnb/jbrcs/mangband/runs/pilot/dive03/ctl.sock
22:25:56 in the game as Dive03: {'ev': 'ready', 't': 0.0, 'nick': 'Dive03', 'door': '0', 'visuals': 616}
22:25:56 control socket /projectnb/jbrcs/mangband/runs/pilot/dive03/ctl.sock
22:27:30 in the game as Dive03: {'ev': 'ready', 't': 0.0, 'nick': 'Dive03', 'door': '0', 'visuals': 616}
22:27:30 control socket /projectnb/jbrcs/mangband/runs/pilot/dive03/ctl.sock
23:12:42 in the game as Dive03: {'ev': 'ready', 't': 0.0, 'nick': 'Dive03', 'door': '0', 'visuals': 616}
23:12:42 control socket /projectnb/jbrcs/mangband/runs/pilot/dive03/ctl.sock
23:15:59 pilot stopping
03:06:54 in the game as Dive03: {'ev': 'ready', 't': 0.0, 'nick': 'Dive03', 'door': '0', 'visuals': 616}
03:06:54 control socket /projectnb/jbrcs/mangband/runs/pilot/dive03/ctl.sock
03:07:36 in the game as Dive03: {'ev': 'ready', 't': 0.0, 'nick': 'Dive03', 'door': '0', 'visuals': 616}
03:07:36 control socket /projectnb/jbrcs/mangband/runs/pilot/dive03/ctl.sock
03:08:40 in the game as Dive03: {'ev': 'ready', 't': 0.0, 'nick': 'Dive03', 'door': '0', 'visuals': 616}
03:08:40 control socket /projectnb/jbrcs/mangband/runs/pilot/dive03/ctl.sock
04:26:42 in the game as Dive03: {'ev': 'ready', 't': 0.0, 'nick': 'Dive03', 'door': '0', 'visuals': 616}
04:26:42 control socket /projectnb/jbrcs/mangband/runs/pilot/dive03/ctl.sock
04:28:23 in the game as Dive03: {'ev': 'ready', 't': 0.0, 'nick': 'Dive03', 'door': '0', 'visuals': 616}
04:28:23 control socket /projectnb/jbrcs/mangband/runs/pilot/dive03/ctl.sock
04:29:03 in the game as Dive03: {'ev': 'ready', 't': 0.0, 'nick': 'Dive03', 'door': '0', 'visuals': 616}
04:29:03 control socket /projectnb/jbrcs/mangband/runs/pilot/dive03/ctl.sock
04:30:51 in the game as Dive03: {'ev': 'ready', 't': 0.0, 'nick': 'Dive03', 'door': '0', 'visuals': 616}
04:30:51 control socket /projectnb/jbrcs/mangband/runs/pilot/dive03/ctl.sock
04:32:07 in the game as Dive03: {'ev': 'ready', 't': 0.0, 'nick': 'Dive03', 'door': '0', 'visuals': 616}
04:32:07 control socket /projectnb/jbrcs/mangband/runs/pilot/dive03/ctl.sock
04:33:09 in the game as Dive03: {'ev': 'ready', 't': 0.0, 'nick': 'Dive03', 'door': '0', 'visuals': 616}
04:33:09 control socket /projectnb/jbrcs/mangband/runs/pilot/dive03/ctl.sock
04:43:55 in the game as Dive03: {'ev': 'ready', 't': 0.0, 'nick': 'Dive03', 'door': '0', 'visuals': 616}
04:43:55 control socket /projectnb/jbrcs/mangband/runs/pilot/dive03/ctl.sock
04:52:43 in the game as Dive03: {'ev': 'ready', 't': 0.0, 'nick': 'Dive03', 'door': '0', 'visuals': 616}
04:52:43 control socket /projectnb/jbrcs/mangband/runs/pilot/dive03/ctl.sock
04:53:44 in the game as Dive03: {'ev': 'ready', 't': 0.0, 'nick': 'Dive03', 'door': '0', 'visuals': 616}
04:53:44 control socket /projectnb/jbrcs/mangband/runs/pilot/dive03/ctl.sock
15:14:34 in the game as Dive03: {'ev': 'ready', 't': 0.0, 'nick': 'Dive03', 'door': '0', 'visuals': 616}
15:14:34 control socket /projectnb/jbrcs/mangband/runs/pilot/dive03/ctl.sock
15:20:21 client exited: /projectnb/jbrcs/mangband/github/mangclient: That server either isn't up, or you mistyped the hostname.
15:21:08 in the game as Dive03: {'ev': 'ready', 't': 0.0, 'nick': 'Dive03', 'door': '0', 'visuals': 616}
15:21:08 control socket /projectnb/jbrcs/mangband/runs/pilot/dive03/ctl.sock
15:37:49 in the game as Dive03: {'ev': 'ready', 't': 0.0, 'nick': 'Dive03', 'door': '0', 'visuals': 616}
15:37:49 control socket /projectnb/jbrcs/mangband/runs/pilot/dive03/ctl.sock
15:41:33 client exited: /projectnb/jbrcs/mangband/github/mangclient: That server either isn't up, or you mistyped the hostname.
15:42:45 in the game as Dive03: {'ev': 'ready', 't': 0.0, 'nick': 'Dive03', 'door': '0', 'visuals': 616}
15:42:45 control socket /projectnb/jbrcs/mangband/runs/pilot/dive03/ctl.sock
16:04:51 pilot stopping
16:04:53 in the game as Dive03: {'ev': 'ready', 't': 0.0, 'nick': 'Dive03', 'door': '0', 'visuals': 616}
16:04:53 control socket /projectnb/jbrcs/mangband/runs/pilot/dive03/ctl.sock
16:05:32 pilot stopping
16:05:34 in the game as Dive03: {'ev': 'ready', 't': 0.0, 'nick': 'Dive03', 'door': '0', 'visuals': 616}
16:05:34 control socket /projectnb/jbrcs/mangband/runs/pilot/dive03/ctl.sock
16:15:30 pilot stopping
16:15:32 in the game as Dive03: {'ev': 'ready', 't': 0.0, 'nick': 'Dive03', 'door': '0', 'visuals': 616}
16:15:32 control socket /projectnb/jbrcs/mangband/runs/pilot/dive03/ctl.sock
16:21:58 pilot stopping
16:22:00 in the game as Dive03: {'ev': 'ready', 't': 0.0, 'nick': 'Dive03', 'door': '0', 'visuals': 616}
16:22:00 control socket /projectnb/jbrcs/mangband/runs/pilot/dive03/ctl.sock
16:39:16 pilot stopping
16:39:18 in the game as Dive03: {'ev': 'ready', 't': 0.0, 'nick': 'Dive03', 'door': '0', 'visuals': 616}
16:39:18 control socket /projectnb/jbrcs/mangband/runs/pilot/dive03/ctl.sock
16:40:38 pilot stopping
16:40:40 in the game as Dive03: {'ev': 'ready', 't': 0.0, 'nick': 'Dive03', 'door': '0', 'visuals': 616}
16:40:40 control socket /projectnb/jbrcs/mangband/runs/pilot/dive03/ctl.sock
16:45:21 pilot stopping
16:45:23 in the game as Dive03: {'ev': 'ready', 't': 0.0, 'nick': 'Dive03', 'door': '0', 'visuals': 616}
16:45:23 control socket /projectnb/jbrcs/mangband/runs/pilot/dive03/ctl.sock
16:50:20 pilot stopping
16:50:22 in the game as Dive03: {'ev': 'ready', 't': 0.0, 'nick': 'Dive03', 'door': '0', 'visuals': 616}
16:50:22 control socket /projectnb/jbrcs/mangband/runs/pilot/dive03/ctl.sock
16:54:30 pilot stopping
16:54:33 in the game as Dive03: {'ev': 'ready', 't': 0.0, 'nick': 'Dive03', 'door': '0', 'visuals': 616}
16:54:33 control socket /projectnb/jbrcs/mangband/runs/pilot/dive03/ctl.sock
11:07:04 in the game as Dive03: {'ev': 'ready', 't': 0.0, 'nick': 'Dive03', 'door': '0', 'visuals': 616}
11:07:04 control socket /projectnb/jbrcs/mangband/runs/pilot/dive03/ctl.sock
12:05:10 pilot stopping
12:05:12 in the game as Dive03: {'ev': 'ready', 't': 0.0, 'nick': 'Dive03', 'door': '0', 'visuals': 616}
12:05:12 control socket /projectnb/jbrcs/mangband/runs/pilot/dive03/ctl.sock
12:43:50 pilot stopping
12:43:52 in the game as Dive03: {'ev': 'ready', 't': 0.0, 'nick': 'Dive03', 'door': '0', 'visuals': 616}
12:43:52 control socket /projectnb/jbrcs/mangband/runs/pilot/dive03/ctl.sock
13:08:10 pilot stopping
13:08:12 in the game as Dive03: {'ev': 'ready', 't': 0.0, 'nick': 'Dive03', 'door': '0', 'visuals': 616}
13:08:12 control socket /projectnb/jbrcs/mangband/runs/pilot/dive03/ctl.sock
13:58:46 pilot stopping
13:58:48 in the game as Dive03: {'ev': 'ready', 't': 0.0, 'nick': 'Dive03', 'door': '0', 'visuals': 616}
13:58:48 control socket /projectnb/jbrcs/mangband/runs/pilot/dive03/ctl.sock
22:10:08 in the game as Dive03: {'ev': 'ready', 't': 0.0, 'nick': 'Dive03', 'door': '0', 'visuals': 616}
22:10:08 control socket /projectnb/jbrcs/mangband/runs/pilot/dive03/ctl.sock
22:15:14 pilot stopping
22:15:16 in the game as Dive03: {'ev': 'ready', 't': 0.0, 'nick': 'Dive03', 'door': '0', 'visuals': 616}
22:15:16 control socket /projectnb/jbrcs/mangband/runs/pilot/dive03/ctl.sock
22:28:39 pilot stopping
23:17:12 client exited: /projectnb/jbrcs/mangband/github/mangclient: Quitting: Killed by poison
