start: 1E (1, 14) supplies (2, 6, 1)
  -> heading W to Town
home in 9s
  restocked (nothing affordable): 2 rations, 6 flasks, 1 gold left
restock 1: 38s broke_at=1
restock 2: 0.0s (should be ~instant)
Town (depth 0): 52 house doors on the map
  door (49, 113): for_sale (85640 gold)
  door (50, 126): for_sale (114190 gold)
  door (51, 138): for_sale (133220 gold)
  door (59, 141): for_sale (72465 gold)
  door (51, 154): for_sale (81980 gold)
  door (58, 155): for_sale (116385 gold)
town: {'for_sale': 6}
  -> heading N to 1N
== 1N
  explored: 14 legs (6 not reached, 23 skipped), budget used up
1N (depth -1): 68 house doors on the map
  door (13, 114): for_sale (14405 gold)
  door (4, 106): for_sale (6740 gold)
  door (11, 100): for_sale (5192 gold)
  door (14, 104): for_sale (39869 gold)
  door (20, 102): for_sale (9735 gold)
  door (31, 86): for_sale (1131964 gold)
  door (21, 85): for_sale (6996 gold)
  door (15, 79): for_sale (25931 gold)
  door (7, 74): for_sale (8608 gold)
  door (5, 67): for_sale (9245 gold)
  door (17, 59): for_sale (4209 gold)
  door (22, 53): for_sale (13234 gold)
  door (18, 50): for_sale (3850 gold)
  door (25, 57): for_sale (28967 gold)
  door (30, 49): for_sale (3905 gold)
  door (36, 53): for_sale (1377 gold)
  door (42, 48): for_sale (24885 gold)
  door (42, 52): for_sale (32808 gold)
  door (48, 43): for_sale (8066 gold)
  door (45, 36): for_sale (57492 gold)
  door (36, 35): for_sale (5826 gold)
  door (23, 23): for_sale (380896 gold)
  door (24, 11): for_sale (34828 gold)
  door (34, 10): for_sale (5231 gold)
  door (41, 15): for_sale (4154 gold)
  door (38, 19): for_sale (41555 gold)
  door (43, 4): for_sale (29650 gold)
  door (58, 22): for_sale (139683 gold)
  door (59, 33): for_sale (29963 gold)
  door (58, 38): for_sale (3963 gold)
  door (60, 47): for_sale (14109 gold)
  door (56, 66): for_sale (36365 gold)
  door (50, 70): for_sale (25528 gold)
  door (60, 74): for_sale (5402 gold)
  door (58, 81): for_sale (8059 gold)
  door (48, 88): for_sale (14416 gold)
  door (51, 100): for_sale (28850 gold)
  door (61, 96): for_sale (95262 gold)
  door (58, 113): for_sale (42748 gold)
  door (52, 124): for_sale (16457 gold)
  door (60, 129): for_sale (5324 gold)
  door (57, 141): for_sale (131558 gold)
  door (43, 143): for_sale (8235 gold)
  door (37, 149): for_sale (15945 gold)
  door (22, 138): for_sale (2696 gold)
  door (13, 134): for_sale (20159 gold)
  door (7, 132): for_sale (8762 gold)
  door (5, 127): for_sale (33159 gold)
  door (22, 127): for_sale (148332 gold)
  door (39, 129): for_sale (251076 gold)
  door (14, 153): for_sale (1374 gold)
  door (8, 153): unreachable
  door (6, 161): for_sale (5953 gold)
  door (9, 165): for_sale (19310 gold)
  door (25, 173): for_sale (188446 gold)
  door (36, 176): for_sale (7448 gold)
  door (23, 187): for_sale (5538 gold)
  door (10, 189): for_sale (94340 gold)
  door (39, 190): for_sale (122185 gold)
  door (20, 69): unreachable
  door (7, 49): unreachable
  door (5, 41): for_sale (4318 gold)
  refilling lantern (2800 turns left, 6 flasks)
  door (10, 38): for_sale (56150 gold)
  door (8, 26): for_sale (34016 gold)
  door (3, 17): for_sale (1271 gold)
  door (4, 10): for_sale (1349 gold)
  door (10, 10): for_sale (16543 gold)
  door (7, 3): for_sale (9076 gold)
  -> heading S to Town
tour 1N: {'for_sale': 65, 'unreachable': 3}
end: Town hp [92, 92] supplies (2, 5, 43)
